{
    "$id": "https://github.com/ory/cli/cmd/dev/schema/fixtures/render_version_test/.schema/version.schema.json",
    "$schema": "http://json-schema.org/draft-07/schema#",
    "oneOf": [
        {
            "allOf": [
                {
                    "properties": {
                        "version": {
                            "const": "v1.0.0"
                        }
                    },
                    "required": [
                        "version"
                    ]
                },
                {
                    "$ref": "https://raw.githubusercontent.com/ory/hydra/v1.0.0/.schema/config.schema.json"
                }
            ]
        },
        {
            "allOf": [
                {
                    "properties": {
                        "version": {
                            "const": "v0.0.0"
                        }
                    },
                    "required": [
                        "version"
                    ]
                },
                {
                    "$ref": "https://raw.githubusercontent.com/ory/hydra/v0.0.0/.schema/config.schema.json"
                }
            ]
        },
        {
            "allOf": [
                {
                    "oneOf": [
                        {
                            "properties": {
                                "version": {
                                    "type": "string",
                                    "maxLength": 0
                                }
                            },
                            "required": [
                                "version"
                            ]
                        },
                        {
                            "not": {
                                "properties": {
                                    "version": {}
                                },
                                "required": [
                                    "version"
                                ]
                            }
                        }
                    ]
                },
                {
                    "$ref": "#/oneOf/0/allOf/1"
                }
            ]
        }
    ],
    "title": "Test Fixture schema.",
    "type": "object"
}